// Vitest Snapshot v1, https://vitest.dev/guide/snapshot.html

exports[`Layout > renders a Layout component 1`] = `
<div
  class="site-wrap"
>
  <div
    class="container"
  >
    Lorem ipsum
  </div>
</div>
`;
